
> snapvision-backend@1.0.0 start
> node server.js

✅ Connected to database: ./db/snapvision.db
📋 Database tables created/verified
node:events:487
      throw er; // Unhandled 'error' event
      ^

Error: listen EADDRINUSE: address already in use :::5001
    at Server.setupListenHandle [as _listen2] (node:net:2008:16)
    at listenInCluster (node:net:2065:12)
    at Server.listen (node:net:2170:7)
    at app.listen (/Users/mac/Desktop/Snapvision/backend/node_modules/express/lib/application.js:635:24)
    at startServer (/Users/mac/Desktop/Snapvision/backend/server.js:66:9)
    at process.processTicksAndRejections (node:internal/process/task_queues:104:5)
Emitted 'error' event on Server instance at:
    at emitErrorNT (node:net:2044:8)
    at process.processTicksAndRejections (node:internal/process/task_queues:90:21) {
  code: 'EADDRINUSE',
  errno: -48,
  syscall: 'listen',
  address: '::',
  port: 5001
}

Node.js v24.15.0
